Enter a spotify playlist id: good 4 u by Olivia Rodrigo
https://www.last.fm/music/Olivia+Rodrigo/_/good+4+u
['good 4 u', 'Olivia Rodrigo', 20.4, 167, 'rock']
Jo Tum Mere Ho by Anuv Jain
https://www.last.fm/music/Anuv+Jain/_/Jo+Tum+Mere+Ho
['Jo Tum Mere Ho', 'Anuv Jain', 12.206225680933851, 90, 'pop']
[75.42094322966322, 'Mishri', 'Anuv Jain', 'pop']
[75.70058705762393, 'Alag Aasmaan', 'Anuv Jain', 'pop']
[93.16362059794334, 'deja vu', 'Olivia Rodrigo', 'pop']
[95.2259202756853, 'good 4 u', 'Olivia Rodrigo', 'pop']
[96.93317497917661, 'Baarishein', 'Anuv Jain', 'rock']
[99.62272172158525, 'If You Love Her', 'Forest Blakk', 'rock']
[100.1676162400624, 'What If (I Told You I Like You)', 'Johnny Orlando', 'pop']
[100.17824125136363, 'Swang', 'Rae Sremmurd', 'pop']
[100.87641926742054, 'My Way', 'Calvin Harris', 'rock']
[101.01588245526747, 'Radioactive', 'Imagine Dragons', 'pop']
[101.01588245526747, 'Teeth', '5 Seconds of Summer', 'pop']
[103.15654179812222, 'Mi Amor', 'Sharn', 'pop']
[105.30764484228858, 'Love The Way You Lie', 'Eminem', 'rock']
[105.30764484228858, 'My Heart Will Go On - Love Theme from "Titanic"', 'CΘline Dion', 'rock']
[106.83409254021483, "If I Can't Have You", 'Shawn Mendes', 'pop']
[107.7219072951908, 'Night Changes', 'One Direction', 'rock']
[108.5952581617467, 'Wait', 'Eminem', 'pop']
[111.16229560069554, 'Jalebi Baby (Tesher x Jason Derulo)', 'Tesher', 'rock']
[111.71175094234022, 'Wonder', 'Shawn Mendes', 'pop']
[111.77529634268495, 'Saiyaan Ji', 'Yo Yo Honey Singh', 'pop']
[112.47078260999325, 'Close To Me', 'Ellie Goulding', 'pop']
[112.84574363924871, "Comptine d'un autre ΘtΘ, l'aprΦs-midi", 'Yann Tiersen', 'pop']
[112.8812760683554, 'Perfect Strangers', 'Jonas Blue', 'rock']
[112.8812760683554, 'SugarCrash!', 'ElyOtto', 'rock']
[112.97817589347251, 'Call You Mine', 'The Chainsmokers', 'pop']
[113.67798355469453, 'Astronomy', 'Conan Gray', 'pop']
[113.99833325124277, 'Sideways', 'ILLENIUM', 'rock']
[114.17988967831855, 'Besabriyaan', 'Armaan Malik', 'pop']
[114.17988967831855, 'Jalebi Baby', 'Tesher', 'pop']
[114.17988967831855, 'Want You Back', '5 Seconds of Summer', 'pop']
[114.46817747178409, 'Lily', 'Alan Walker', 'pop']
[114.75131343454416, 'Genda Phool (feat. Payal Dev)', 'Badshah', 'pop']
[115.69570263249956, 'Hero (feat. Christina Perri)', 'Cash Cash', 'rock']
[116.7659184063493, 'Into Your Arms (feat. Ava Max)', 'Witt Lowry', 'pop']
[116.78303817743823, 'Stay High', 'Juice WRLD', 'pop']
[116.96292163831157, 'Dip (feat. Nicki Minaj) (feat. Nicki Minaj)', 'Tyga', 'pop']
[117.49921100658426, 'Switch It Up (feat. sokodomo) - Prod. Cha Cha Malone', 'JAY B', 'pop']
[117.56524542030343, 'You Raise Me Up', 'Josh Groban', 'pop']
[118.34525871115812, "Life's A Mess II (with Clever & Post Malone)", 'Juice WRLD', 'pop']
[118.38713248802074, 'Humraah (From "Malang - Unleash The Madness")', 'Sachet Tandon', 'rock']
[118.53868894620743, 'Heartbreak Anthem (with David Guetta & Little Mix)', 'Galantis', 'rock']
[118.63456896071668, 'Baari', 'Bilal Saeed', 'pop']
[118.7661770771433, 'Higher (feat. iann dior)', 'Clean Bandit', 'pop']
[118.80366558151078, 'Break My Heart Myself (feat. Travis Barker)', 'Bebe Rexha', 'rock']
[119.62204905995607, 'unravel', 'TK from Ling tosite sigure', 'rock']
[119.77041713573891, 'Mask Off - Marshmello Remix', 'Future', 'rock']
[119.78852933323904, 'Sau Aasmaan', 'Armaan Malik', 'pop']
[119.99108297412161, 'You (with Marshmello & Vance Joy)', 'benny blanco', 'pop']
[120.09570778367312, 'asphyxia', 'C÷ Shu Nie', 'pop']
[120.09570778367312, 'Kokoronashi', 'majiko', 'pop']
[120.49144729714425, 'Adventure of a Lifetime', 'Coldplay', 'rock']
[120.6818162303339, 'Am I Good Enough Now?', 'Carlos Rafael Rivera', 'rock']
[120.77889173096635, 'Hello (feat. A Boogie Wit da Hoodie)', 'Pop Smoke', 'pop']
[120.82815517906954, 'King Kunta', 'Kendrick Lamar', 'pop']
[121.01647444450408, 'Take Me To Church', 'Hozier', 'pop']
[121.28664412358226, 'Walk It Talk It', 'Migos', 'pop']
[121.62791246479433, 'Takeaway', 'The Chainsmokers', 'pop']
[121.69664583789533, 'Bandit (with YoungBoy Never Broke Again)', 'Juice WRLD', 'rock']
[121.7527379299343, 'One Dance', 'Drake', 'pop']
[121.83599696491699, 'All Night', 'The Vamps', 'rock']
[122.03041995561465, 'Stereo Love', 'Edward Maya', 'pop']
[122.20596389880187, 'Hymn for the Weekend - Seeb Remix', 'Coldplay', 'pop']
[122.36116881726349, 'Lucid Dreams', 'Juice WRLD', 'pop']
[122.52863170011545, 'seaside_demo', 'SEB', 'rock']
[122.7528385010359, 'Isabella\'s Lullaby (from "The Promised Neverland")', 'AmaLee', 'rock']
[123.0830445204995, 'Mera Mann Kehne Laga', 'Falak Shabir', 'pop']
[123.34408233377268, 'Good Things Fall Apart vs. Sad Songs (With Said The Sky feat. Annika Wells)', 'ILLENIUM', 'pop']
[123.5298870845029, 'Falling', 'Trevor Daniel', 'pop']
[123.54479755528887, 'By Your Side (feat. Tom Grennan)', 'Calvin Harris', 'rock']
[123.9355241956562, 'This Is What You Came For (feat. Rihanna)', 'Calvin Harris', 'rock']
[124.19437645612966, 'Baila Conmigo (with Rauw Alejandro)', 'Selena Gomez', 'pop']
[124.19437645612966, 'Let Me Love You', 'DJ Snake', 'pop']
[124.19996828100089, 'Hall of Fame (feat. will.i.am)', 'The Script', 'pop']
[124.19996828100089, 'Hate Me', 'Ellie Goulding', 'pop']
[124.19996828100089, 'Leave Before You Love Me (with Jonas Brothers)', 'Marshmello', 'pop']
[124.4560913641919, 'Higher Power', 'Coldplay', 'pop']
[124.4560913641919, 'Perfect', 'One Direction', 'pop']
[124.61775097918449, '734', 'Juice WRLD', 'rock']
[124.94111490512711, 'Hope', 'The Chainsmokers', 'pop']
[124.97971233495001, 'Our Song', 'Anne-Marie', 'pop']
[125.34849119468814, 'goosebumps', 'Travis Scott', 'pop']
[125.38083545386846, 'HUMBLE.', 'Kendrick Lamar', 'pop']
[125.62843396216005, 'Better Days', 'OneRepublic', 'pop']
[125.83043345269544, 'Everybody Wants You', 'Johnny Orlando', 'pop']
[126.04146040256336, 'Disrespectful', 'Blueface', 'pop']
[126.08500000664789, 'Another Love', 'Tom Odell', 'pop']
[126.76973188466573, 'The Scientist', 'Coldplay', 'pop']
[126.86029555296176, 'MONTERO (Call Me By Your Name)', 'Lil Nas X', 'pop']
[127.04823123205662, 'Deep End Freestyle', 'Sleepy Hallow', 'pop']
[127.04823123205662, 'Lost Cause', 'Billie Eilish', 'pop']
[127.04823123205662, "Sygrayem (Let's Play)", 'Carlos Rafael Rivera', 'pop']
[127.05796446974163, "I'm the One (feat. Justin Bieber, Quavo, Chance the Rapper & Lil Wayne)", 'DJ Khaled', 'pop']
[127.56876225785695, 'Peaches (feat. Daniel Caesar & Giveon)', 'Justin Bieber', 'pop']
[128.4033875466671, 'Cocaine', 'Pink Sweat$', 'pop']
[128.4033875466671, 'Dior', 'Pop Smoke', 'pop']
[128.4033875466671, "You're Gloating", 'Carlos Rafael Rivera', 'pop']
[128.8870910302609, 'Leave The Door Open', 'Bruno Mars', 'rock']
[129.12298175215747, 'Arcade', 'Duncan Laurence', 'rock']
[129.12298175215747, 'Honesty', 'Pink Sweat$', 'rock']
[129.12298175215747, 'Training With Mr. Schaibel', 'Carlos Rafael Rivera', 'rock']
[129.36124036370114, 'In the End', 'Linkin Park', 'rock']
[129.48973076188247, 'Animals', 'Maroon 5', 'pop']
[129.48973076188247, 't r a n s p a r e n t s o u l feat. Travis Barker', 'WILLOW', 'pop']
[129.6803834313163, 'Butter', 'BTS', 'pop']
[130.10769250458983, 'Lucid Dreams (feat. Lil Uzi Vert) - Remix', 'Juice WRLD', 'pop']
[131.14478931617836, 'No Me Ame', 'Rvssian', 'pop']
[131.14478931617836, 'Tchaikovsky: Swan Lake, Op. 20, Act 2: Scene (Moderato)', 'Pyotr Ilyich Tchaikovsky', 'pop']
[133.49433632686885, 'WITHOUT YOU', 'The Kid LAROI', 'pop']
[135.94285638796006, "The Scholar's Mate", 'Carlos Rafael Rivera', 'pop']
[135.94285638796006, 'The Thrill', 'Wiz Khalifa', 'pop']
[137.3643909182841, 'Goodbye To A World', 'Porter Robinson', 'pop']
[137.5776173600182, 'Levitating (feat. DaBaby)', 'Dua Lipa', 'pop']
[138.55338469898047, 'Element', 'Pop Smoke', 'rock']
[141.18869729060273, 'White Brown Black', 'Avvy Sra', 'hiphop']
[141.73386382659726, "Famous (I'm The One) (feat. Yo Gotti & DeJ Loaf)", 'Mozzy', 'hiphop']
[141.95466355033523, 'Softly', 'Karan Aujla', 'hiphop']
[142.0315382589952, 'Why Did I Answer?', 'Porsche Love', 'hiphop']
[142.07134279374014, 'Centuries', 'Fall Out Boy', 'jazz']
[142.07134279374014, 'Do You Mean', 'The Chainsmokers', 'jazz']
[142.07134279374014, 'Love Again', 'Dua Lipa', 'jazz']
[142.69241108268352, 'No Love', 'Shubh', 'hiphop']
[143.59748397703484, "Admirin' You (feat. Preston Pablo)", 'Karan Aujla', 'hiphop']
[144.40805181035864, "Beth's Story", 'Carlos Rafael Rivera', 'instrumental']
[144.79424994066596, 'A Thousand Years', 'Christina Perri', 'instrumental']
[144.79424994066596, 'Beautiful Mistakes (feat. Megan Thee Stallion)', 'Maroon 5', 'instrumental']
[144.79424994066596, 'Rolling in the Deep', 'Adele', 'instrumental']
[144.79424994066596, 'Save Your Tears (with Ariana Grande) (Remix)', 'The Weeknd', 'instrumental']
[144.79424994066596, 'you broke me first', 'Tate McRae', 'instrumental']
[145.89655704199086, 'Cheques', 'Shubh', 'hiphop']
[146.40337036194896, 'Methuen Home For Children 1957', 'Carlos Rafael Rivera', 'instrumental']
[146.85979598845844, 'I Should Quit', 'JESSIA', 'instrumental']
[148.93786773734038, 'unravel (acoustic version) - Acoustic Version', 'TK from Ling tosite sigure', 'acoustic']
[149.51952029095426, 'Rather Be (feat. Jess Glynne)', 'Clean Bandit', 'acoustic']
[150.63140838554344, '9:45', 'Prabh Singh', 'acoustic']
[150.68040255582883, 'Somebody That I Used To Know', 'Gotye', 'acoustic']
[150.8656108601838, 'Mask Off', 'Future', 'acoustic']
[150.8656108601838, 'Shape of You', 'Ed Sheeran', 'acoustic']
[150.8656108601838, 'u love u (with Tate McRae)', 'blackbear', 'acoustic']
[151.33554877546058, 'Echo (with KSHMR)', 'Armaan Malik', 'acoustic']
[151.75504314539734, 'Alive', 'Empire of the Sun', 'acoustic']
[153.21075188068423, 'Two of Us', 'Louis Tomlinson', 'jazz']
[153.80303779310287, 'Interstellar Main Theme - Piano Version', 'Patrik Pietschmann', 'instrumental']
[153.80303779310287, 'Interstellar- Main Theme', 'Geek Music', 'instrumental']
[153.81234573144948, 'Experience', 'Ludovico Einaudi', 'hiphop']
[153.89282962961903, 'Shayad', 'Pritam', 'acoustic']
[154.55474518209573, 'Righteous', 'Juice WRLD', 'acoustic']
[154.66282814258054, 'Blastoff (feat. Juice Wrld & Trippie Redd)', 'Internet Money', 'electronic']
[154.6868101805858, 'Malang (Title Track) [From "Malang - Unleash The Madness"]', 'Ved Sharma', 'electronic']
[156.29461554940457, 'Beware', 'Big Sean', 'acoustic']
[156.29461554940457, 'Build a Bitch', 'Bella Poarch', 'acoustic']
[156.29461554940457, 'Gang Shit No Lame Shit', 'Key Glock', 'acoustic']
[156.29461554940457, 'Good Years', 'ZAYN', 'acoustic']
[156.29461554940457, 'Grenade', 'Bruno Mars', 'acoustic']
[156.29461554940457, 'Hope', 'XXXTENTACION', 'acoustic']
[156.29461554940457, "I Don't Wanna Live Forever (Fifty Shades Darker)", 'ZAYN', 'acoustic']
[156.29461554940457, 'Stereo Hearts (feat. Adam Levine)', 'Gym Class Heroes', 'acoustic']
[157.39638396445363, "Can't Hold Us - feat. Ray Dalton", 'Macklemore & Ryan Lewis', 'instrumental']
[157.56178143330084, 'Big Gangsta', 'Kevin Gates', 'dance']
[158.35717071963256, 'Nightlight', 'ILLENIUM', 'jazz']
[158.52838121254155, 'Talking to the Moon', 'Bruno Mars', 'acoustic']
[159.3710644150049, 'Main Title', 'Carlos Rafael Rivera', 'instrumental']
[159.45340109574843, 'Before You Go', 'Lewis Capaldi', 'acoustic']
[160.28244796574955, 'Last Train Home', 'John Mayer', 'hiphop']
[160.28244796574955, 'Sunflower - Spider-Man: Into the Spider-Verse', 'Post Malone', 'hiphop']
[160.66215323501063, 'Lean On', 'Major Lazer', 'dance']
[161.29940001061632, 'River Flows In You', 'Yiruma', 'acoustic']
[161.35033464039665, 'One More Day (with Chandler Leighton)', 'Jason Ross', 'dance']
[161.3975033504561, 'Sucker for Pain (with Wiz Khalifa, Imagine Dragons, Logic & Ty Dolla $ign feat. X Ambassadors)', 'Lil Wayne', 'electronic']
[161.51533958715189, 'People Help the People', 'Birdy', 'acoustic']
[161.62215731896188, 'A Thousand Years (feat. Steve Kazee) - Pt. 2; The Twilight Saga: Breaking Dawn Soundtrack', 'Christina Perri', 'instrumental']
[161.62215731896188, "I Know It's You", 'Guards', 'instrumental']
[161.62215731896188, 'Just Like You', 'Louis Tomlinson', 'instrumental']
[161.62215731896188, 'What A Time (feat. Niall Horan)', 'Julia Michaels', 'instrumental']
[162.93834795233215, 'Crooked Smile (feat. TLC)', 'J. Cole', 'electronic']
[164.06338238186828, 'Morning', 'Zara Larsson', 'instrumental']
[164.06338238186828, 'Wake Me Up', 'Avicii', 'instrumental']
[164.4159112547693, 'Believer', 'Imagine Dragons', 'electronic']
[166.20367124503252, 'Come & Go (with Marshmello)', 'Juice WRLD', 'hiphop']
[166.20367124503252, 'Hide (feat. Seezyn)', 'Juice WRLD', 'hiphop']
[168.70981665009904, 'Kiss Me More (feat. SZA)', 'Doja Cat', 'acoustic']
Recommended songs: 
Mishri by Anuv Jain genre pop
Alag Aasmaan by Anuv Jain genre pop
deja vu by Olivia Rodrigo genre pop
Baarishein by Anuv Jain genre rock
If You Love Her by Forest Blakk genre rock
